// Vitest Snapshot v1, https://vitest.dev/guide/snapshot.html

exports[`fixture: empty-project > should print status for a linked site 1`] = `
{
  "admin-url": "https://app.netlify.com/sites/test-site/overview",
  "site-id": "site_id",
  "site-name": "site-name",
  "site-url": "https://test-site.netlify.app/",
}
`;

exports[`fixture: empty-project > should print status for a linked site 2`] = `
{
  "Email": "test@netlify.com",
  "Name": "Test User",
}
`;
