// Vitest Snapshot v1, https://vitest.dev/guide/snapshot.html

exports[`commands/dev-miscellaneous > should fail in CI with multiple projects 1`] = `"â€º   Error: Configure the site you want to work with and try again. Sites detected: package1, package2."`;
