// Vitest Snapshot v1, https://vitest.dev/guide/snapshot.html

exports[`generateAutocompletion > should generate a completion file 1`] = `"{\\"bake\\":{\\"name\\":\\"bake\\",\\"description\\":\\"Cooks something\\",\\"options\\":[{\\"name\\":\\"--fast\\",\\"description\\":\\"cook it fast\\"},{\\"name\\":\\"--filter\\",\\"description\\":\\"For monorepos, specify the name of the application to run the command in\\"},{\\"name\\":\\"--debug\\",\\"description\\":\\"Print debugging information\\"},{\\"name\\":\\"--auth\\",\\"description\\":\\"Netlify auth token - can be used to run this command without logging in\\"}]},\\"bake:pizza\\":{\\"name\\":\\"bake:pizza\\",\\"description\\":\\"bakes a pizza\\",\\"options\\":[{\\"name\\":\\"--filter\\",\\"description\\":\\"For monorepos, specify the name of the application to run the command in\\"},{\\"name\\":\\"--type\\",\\"description\\":\\"Type of pizza\\"},{\\"name\\":\\"--debug\\",\\"description\\":\\"Print debugging information\\"},{\\"name\\":\\"--auth\\",\\"description\\":\\"Netlify auth token - can be used to run this command without logging in\\"}]},\\"taste\\":{\\"name\\":\\"taste\\",\\"description\\":\\"tastes something\\",\\"options\\":[{\\"name\\":\\"--filter\\",\\"description\\":\\"For monorepos, specify the name of the application to run the command in\\"},{\\"name\\":\\"--debug\\",\\"description\\":\\"Print debugging information\\"},{\\"name\\":\\"--auth\\",\\"description\\":\\"Netlify auth token - can be used to run this command without logging in\\"}]}}"`;
