// Vitest Snapshot v1

exports[`generateAutocompletion > should generate a completion file 1`] = `undefined`;
