// Vitest Snapshot v1, https://vitest.dev/guide/snapshot.html

exports[`command/envelope > env:clone should return success message 1`] = `"Successfully cloned environment variables from site-name-a to site-name-b"`;
